
> react-typescript-starter@0.1.0 test
> react-scripts test

Browserslist: caniuse-lite is outdated. Please run:
  npx browserslist@latest --update-db
  Why you should do it regularly: https://github.com/browserslist/browserslist#browsers-data-updating
FAIL src/nested.test.ts
  ● Testing the Question[] functions › Testing the duplicateQuestionInArray function

    expect(received).toEqual(expected) // deep equality

    - Expected  - 42
    + Received  +  1

    - Array [
    -   Object {
    -     "body": "",
    -     "expected": "",
    -     "id": 1,
    -     "name": "Question 1",
    -     "options": Array [],
    -     "points": 1,
    -     "published": false,
    -     "type": "multiple_choice_question",
    -   },
    -   Object {
    -     "body": "",
    -     "expected": "",
    -     "id": 27,
    -     "name": "Copy of Question 1",
    -     "options": Array [],
    -     "points": 1,
    -     "published": false,
    -     "type": "multiple_choice_question",
    -   },
    -   Object {
    -     "body": "",
    -     "expected": "",
    -     "id": 47,
    -     "name": "My New Question",
    -     "options": Array [],
    -     "points": 1,
    -     "published": false,
    -     "type": "multiple_choice_question",
    -   },
    -   Object {
    -     "body": "",
    -     "expected": "",
    -     "id": 2,
    -     "name": "Question 2",
    -     "options": Array [],
    -     "points": 1,
    -     "published": false,
    -     "type": "short_answer_question",
    -   },
    - ]
    + Array []

      1089 |
      1090 |     test("Testing the duplicateQuestionInArray function", () => {
    > 1091 |         expect(duplicateQuestionInArray(BLANK_QUESTIONS, 1, 27)).toEqual([
           |                                                                  ^
      1092 |             {
      1093 |                 id: 1,
      1094 |                 name: "Question 1",

      at Object.<anonymous> (src/nested.test.ts:1091:66)

PASS src/arrays.test.ts
PASS src/objects.test.ts
PASS src/HtmlCss.test.tsx
PASS src/functions.test.ts
PASS src/text.test.tsx
PASS src/App.test.tsx
----------------|---------|----------|---------|---------|-------------------
File            | % Stmts | % Branch | % Funcs | % Lines | Uncovered Line #s 
----------------|---------|----------|---------|---------|-------------------
All files       |     100 |      100 |     100 |     100 |                   
 src            |     100 |      100 |     100 |     100 |                   
  App.tsx       |     100 |      100 |     100 |     100 |                   
  arrays.ts     |     100 |      100 |     100 |     100 |                   
  functions.ts  |     100 |      100 |     100 |     100 |                   
  nested.ts     |     100 |      100 |     100 |     100 |                   
  objects.ts    |     100 |      100 |     100 |     100 |                   
 src/interfaces |       0 |        0 |       0 |       0 |                   
  answer.ts     |       0 |        0 |       0 |       0 |                   
  question.ts   |       0 |        0 |       0 |       0 |                   
----------------|---------|----------|---------|---------|-------------------

Test Suites: 1 failed, 6 passed, 7 total
Tests:       1 failed, 48 passed, 49 total
Snapshots:   0 total
Time:        4.765 s
Ran all test suites.
